// Jest Snapshot v1, https://goo.gl/fbAQLP

exports[`Calculator page component renders correctly 1`] = `
<div
  className=" section flex-center"
>
  <h2
    className="second-title"
  >
    Let's do some Math
    <span>
       !
    </span>
  </h2>
  <section
    className="calculator-section"
  >
    <div
      className="flex-center result"
    >
      <div
        className="input"
        role="none"
      >
        0
        
        
      </div>
    </div>
    <ul
      className="items-container"
    >
      <li
        className="flex-center keyItem"
      >
        <button
          className="btn"
          onClick={[Function]}
          type="button"
        >
          AC
        </button>
        <button
          className="btn"
          onClick={[Function]}
          type="button"
        >
          +/-
        </button>
        <button
          className="btn"
          onClick={[Function]}
          type="button"
        >
          %
        </button>
        <button
          className="btn"
          onClick={[Function]}
          type="button"
        >
          รท
        </button>
      </li>
      <li
        className="flex-center keyItem"
      >
        <button
          className="btn"
          onClick={[Function]}
          type="button"
        >
          7
        </button>
        <button
          className="btn"
          onClick={[Function]}
          type="button"
        >
          8
        </button>
        <button
          className="btn"
          onClick={[Function]}
          type="button"
        >
          9
        </button>
        <button
          className="btn"
          onClick={[Function]}
          type="button"
        >
          x
        </button>
      </li>
      <li
        className="flex-center keyItem"
      >
        <button
          className="btn"
          onClick={[Function]}
          type="button"
        >
          4
        </button>
        <button
          className="btn"
          onClick={[Function]}
          type="button"
        >
          5
        </button>
        <button
          className="btn"
          onClick={[Function]}
          type="button"
        >
          6
        </button>
        <button
          className="btn"
          onClick={[Function]}
          type="button"
        >
          -
        </button>
      </li>
      <li
        className="flex-center keyItem"
      >
        <button
          className="btn"
          onClick={[Function]}
          type="button"
        >
          1
        </button>
        <button
          className="btn"
          onClick={[Function]}
          type="button"
        >
          2
        </button>
        <button
          className="btn"
          onClick={[Function]}
          type="button"
        >
          3
        </button>
        <button
          className="btn"
          onClick={[Function]}
          type="button"
        >
          +
        </button>
      </li>
      <li
        className="flex-center keyItem"
      >
        <button
          className="btn"
          onClick={[Function]}
          type="button"
        >
          0
        </button>
        <button
          className="btn"
          onClick={[Function]}
          type="button"
        >
          .
        </button>
        <button
          className="btn"
          onClick={[Function]}
          type="button"
        >
          =
        </button>
      </li>
    </ul>
  </section>
</div>
`;
